2025-03-06 17:56:15,735 [DEBUG] freemarker.cache  - Couldn't find template in cache for "spark/spark.spa.ftl"("en_IN", UTF-8, parsed); will try to load it.
2025-03-06 17:56:15,738 [DEBUG] freemarker.cache  - TemplateLoader.findTemplateSource("spark/spark.spa_en_IN.ftl"): Not found
2025-03-06 17:56:15,739 [DEBUG] freemarker.cache  - TemplateLoader.findTemplateSource("spark/spark.spa_en.ftl"): Not found
2025-03-06 17:56:15,740 [DEBUG] freemarker.cache  - TemplateLoader.findTemplateSource("spark/spark.spa.ftl"): Found
2025-03-06 17:56:15,740 [DEBUG] freemarker.cache  - Loading template for "spark/spark.spa.ftl"("en_IN", UTF-8, parsed) from "jar:file:/C:/Users/ck/.m2/repository/com/aventstack/extentreports/5.1.2/extentreports-5.1.2.jar!/com/aventstack/extentreports/templates/spark/spark.spa.ftl"
2025-03-06 17:56:15,804 [DEBUG] freemarker.cache  - Couldn't find template in cache for "commons/commons-variables.ftl"("en_IN", UTF-8, parsed); will try to load it.
2025-03-06 17:56:15,804 [DEBUG] freemarker.cache  - TemplateLoader.findTemplateSource("commons/commons-variables_en_IN.ftl"): Not found
2025-03-06 17:56:15,805 [DEBUG] freemarker.cache  - TemplateLoader.findTemplateSource("commons/commons-variables_en.ftl"): Not found
2025-03-06 17:56:15,805 [DEBUG] freemarker.cache  - TemplateLoader.findTemplateSource("commons/commons-variables.ftl"): Found
2025-03-06 17:56:15,805 [DEBUG] freemarker.cache  - Loading template for "commons/commons-variables.ftl"("en_IN", UTF-8, parsed) from "jar:file:/C:/Users/ck/.m2/repository/com/aventstack/extentreports/5.1.2/extentreports-5.1.2.jar!/com/aventstack/extentreports/templates/commons/commons-variables.ftl"
2025-03-06 17:56:15,937 [DEBUG] freemarker.cache  - Couldn't find template in cache for "commons/commons-macros.ftl"("en_IN", UTF-8, parsed); will try to load it.
2025-03-06 17:56:15,938 [DEBUG] freemarker.cache  - TemplateLoader.findTemplateSource("commons/commons-macros_en_IN.ftl"): Not found
2025-03-06 17:56:15,938 [DEBUG] freemarker.cache  - TemplateLoader.findTemplateSource("commons/commons-macros_en.ftl"): Not found
2025-03-06 17:56:15,939 [DEBUG] freemarker.cache  - TemplateLoader.findTemplateSource("commons/commons-macros.ftl"): Found
2025-03-06 17:56:15,939 [DEBUG] freemarker.cache  - Loading template for "commons/commons-macros.ftl"("en_IN", UTF-8, parsed) from "jar:file:/C:/Users/ck/.m2/repository/com/aventstack/extentreports/5.1.2/extentreports-5.1.2.jar!/com/aventstack/extentreports/templates/commons/commons-macros.ftl"
2025-03-06 17:56:15,947 [DEBUG] freemarker.cache  - Couldn't find template in cache for "spark/macros/attributes.ftl"("en_IN", UTF-8, parsed); will try to load it.
2025-03-06 17:56:15,948 [DEBUG] freemarker.cache  - TemplateLoader.findTemplateSource("spark/macros/attributes_en_IN.ftl"): Not found
2025-03-06 17:56:15,949 [DEBUG] freemarker.cache  - TemplateLoader.findTemplateSource("spark/macros/attributes_en.ftl"): Not found
2025-03-06 17:56:15,949 [DEBUG] freemarker.cache  - TemplateLoader.findTemplateSource("spark/macros/attributes.ftl"): Found
2025-03-06 17:56:15,949 [DEBUG] freemarker.cache  - Loading template for "spark/macros/attributes.ftl"("en_IN", UTF-8, parsed) from "jar:file:/C:/Users/ck/.m2/repository/com/aventstack/extentreports/5.1.2/extentreports-5.1.2.jar!/com/aventstack/extentreports/templates/spark/macros/attributes.ftl"
2025-03-06 17:56:15,952 [DEBUG] freemarker.cache  - Couldn't find template in cache for "spark/macros/log.ftl"("en_IN", UTF-8, parsed); will try to load it.
2025-03-06 17:56:15,952 [DEBUG] freemarker.cache  - TemplateLoader.findTemplateSource("spark/macros/log_en_IN.ftl"): Not found
2025-03-06 17:56:15,953 [DEBUG] freemarker.cache  - TemplateLoader.findTemplateSource("spark/macros/log_en.ftl"): Not found
2025-03-06 17:56:15,953 [DEBUG] freemarker.cache  - TemplateLoader.findTemplateSource("spark/macros/log.ftl"): Found
2025-03-06 17:56:15,954 [DEBUG] freemarker.cache  - Loading template for "spark/macros/log.ftl"("en_IN", UTF-8, parsed) from "jar:file:/C:/Users/ck/.m2/repository/com/aventstack/extentreports/5.1.2/extentreports-5.1.2.jar!/com/aventstack/extentreports/templates/spark/macros/log.ftl"
2025-03-06 17:56:15,956 [DEBUG] freemarker.cache  - Couldn't find template in cache for "spark/macros/recurse_nodes.ftl"("en_IN", UTF-8, parsed); will try to load it.
2025-03-06 17:56:15,957 [DEBUG] freemarker.cache  - TemplateLoader.findTemplateSource("spark/macros/recurse_nodes_en_IN.ftl"): Not found
2025-03-06 17:56:15,958 [DEBUG] freemarker.cache  - TemplateLoader.findTemplateSource("spark/macros/recurse_nodes_en.ftl"): Not found
2025-03-06 17:56:15,958 [DEBUG] freemarker.cache  - TemplateLoader.findTemplateSource("spark/macros/recurse_nodes.ftl"): Found
2025-03-06 17:56:15,958 [DEBUG] freemarker.cache  - Loading template for "spark/macros/recurse_nodes.ftl"("en_IN", UTF-8, parsed) from "jar:file:/C:/Users/ck/.m2/repository/com/aventstack/extentreports/5.1.2/extentreports-5.1.2.jar!/com/aventstack/extentreports/templates/spark/macros/recurse_nodes.ftl"
2025-03-06 17:56:15,965 [DEBUG] freemarker.cache  - "spark/macros/log.ftl"("en_IN", UTF-8, parsed) cached copy not yet stale; using cached.
2025-03-06 17:56:15,965 [DEBUG] freemarker.cache  - Couldn't find template in cache for "spark/macros/attr-common.ftl"("en_IN", UTF-8, parsed); will try to load it.
2025-03-06 17:56:15,966 [DEBUG] freemarker.cache  - TemplateLoader.findTemplateSource("spark/macros/attr-common_en_IN.ftl"): Not found
2025-03-06 17:56:15,967 [DEBUG] freemarker.cache  - TemplateLoader.findTemplateSource("spark/macros/attr-common_en.ftl"): Not found
2025-03-06 17:56:15,967 [DEBUG] freemarker.cache  - TemplateLoader.findTemplateSource("spark/macros/attr-common.ftl"): Found
2025-03-06 17:56:15,967 [DEBUG] freemarker.cache  - Loading template for "spark/macros/attr-common.ftl"("en_IN", UTF-8, parsed) from "jar:file:/C:/Users/ck/.m2/repository/com/aventstack/extentreports/5.1.2/extentreports-5.1.2.jar!/com/aventstack/extentreports/templates/spark/macros/attr-common.ftl"
2025-03-06 17:56:15,975 [DEBUG] freemarker.cache  - Couldn't find template in cache for "spark/partials/head.ftl"("en_IN", UTF-8, parsed); will try to load it.
2025-03-06 17:56:15,976 [DEBUG] freemarker.cache  - TemplateLoader.findTemplateSource("spark/partials/head_en_IN.ftl"): Not found
2025-03-06 17:56:15,977 [DEBUG] freemarker.cache  - TemplateLoader.findTemplateSource("spark/partials/head_en.ftl"): Not found
2025-03-06 17:56:15,977 [DEBUG] freemarker.cache  - TemplateLoader.findTemplateSource("spark/partials/head.ftl"): Found
2025-03-06 17:56:15,977 [DEBUG] freemarker.cache  - Loading template for "spark/partials/head.ftl"("en_IN", UTF-8, parsed) from "jar:file:/C:/Users/ck/.m2/repository/com/aventstack/extentreports/5.1.2/extentreports-5.1.2.jar!/com/aventstack/extentreports/templates/spark/partials/head.ftl"
2025-03-06 17:56:15,981 [DEBUG] freemarker.cache  - Couldn't find template in cache for "commons/commons-inject-css.ftl"("en_IN", UTF-8, parsed); will try to load it.
2025-03-06 17:56:15,982 [DEBUG] freemarker.cache  - TemplateLoader.findTemplateSource("commons/commons-inject-css_en_IN.ftl"): Not found
2025-03-06 17:56:15,982 [DEBUG] freemarker.cache  - TemplateLoader.findTemplateSource("commons/commons-inject-css_en.ftl"): Not found
2025-03-06 17:56:15,983 [DEBUG] freemarker.cache  - TemplateLoader.findTemplateSource("commons/commons-inject-css.ftl"): Found
2025-03-06 17:56:15,983 [DEBUG] freemarker.cache  - Loading template for "commons/commons-inject-css.ftl"("en_IN", UTF-8, parsed) from "jar:file:/C:/Users/ck/.m2/repository/com/aventstack/extentreports/5.1.2/extentreports-5.1.2.jar!/com/aventstack/extentreports/templates/commons/commons-inject-css.ftl"
2025-03-06 17:56:15,984 [DEBUG] freemarker.cache  - Couldn't find template in cache for "spark/partials/navbar.ftl"("en_IN", UTF-8, parsed); will try to load it.
2025-03-06 17:56:15,985 [DEBUG] freemarker.cache  - TemplateLoader.findTemplateSource("spark/partials/navbar_en_IN.ftl"): Not found
2025-03-06 17:56:15,985 [DEBUG] freemarker.cache  - TemplateLoader.findTemplateSource("spark/partials/navbar_en.ftl"): Not found
2025-03-06 17:56:15,986 [DEBUG] freemarker.cache  - TemplateLoader.findTemplateSource("spark/partials/navbar.ftl"): Found
2025-03-06 17:56:15,986 [DEBUG] freemarker.cache  - Loading template for "spark/partials/navbar.ftl"("en_IN", UTF-8, parsed) from "jar:file:/C:/Users/ck/.m2/repository/com/aventstack/extentreports/5.1.2/extentreports-5.1.2.jar!/com/aventstack/extentreports/templates/spark/partials/navbar.ftl"
2025-03-06 17:56:15,993 [DEBUG] freemarker.cache  - Couldn't find template in cache for "spark/partials/sidenav.ftl"("en_IN", UTF-8, parsed); will try to load it.
2025-03-06 17:56:15,994 [DEBUG] freemarker.cache  - TemplateLoader.findTemplateSource("spark/partials/sidenav_en_IN.ftl"): Not found
2025-03-06 17:56:15,994 [DEBUG] freemarker.cache  - TemplateLoader.findTemplateSource("spark/partials/sidenav_en.ftl"): Not found
2025-03-06 17:56:15,995 [DEBUG] freemarker.cache  - TemplateLoader.findTemplateSource("spark/partials/sidenav.ftl"): Found
2025-03-06 17:56:15,995 [DEBUG] freemarker.cache  - Loading template for "spark/partials/sidenav.ftl"("en_IN", UTF-8, parsed) from "jar:file:/C:/Users/ck/.m2/repository/com/aventstack/extentreports/5.1.2/extentreports-5.1.2.jar!/com/aventstack/extentreports/templates/spark/partials/sidenav.ftl"
2025-03-06 17:56:16,011 [DEBUG] freemarker.cache  - Couldn't find template in cache for "spark/partials/test.ftl"("en_IN", UTF-8, parsed); will try to load it.
2025-03-06 17:56:16,013 [DEBUG] freemarker.cache  - TemplateLoader.findTemplateSource("spark/partials/test_en_IN.ftl"): Not found
2025-03-06 17:56:16,013 [DEBUG] freemarker.cache  - TemplateLoader.findTemplateSource("spark/partials/test_en.ftl"): Not found
2025-03-06 17:56:16,014 [DEBUG] freemarker.cache  - TemplateLoader.findTemplateSource("spark/partials/test.ftl"): Found
2025-03-06 17:56:16,014 [DEBUG] freemarker.cache  - Loading template for "spark/partials/test.ftl"("en_IN", UTF-8, parsed) from "jar:file:/C:/Users/ck/.m2/repository/com/aventstack/extentreports/5.1.2/extentreports-5.1.2.jar!/com/aventstack/extentreports/templates/spark/partials/test.ftl"
2025-03-06 17:56:16,047 [DEBUG] freemarker.cache  - Couldn't find template in cache for "spark/partials/standard-content.ftl"("en_IN", UTF-8, parsed); will try to load it.
2025-03-06 17:56:16,048 [DEBUG] freemarker.cache  - TemplateLoader.findTemplateSource("spark/partials/standard-content_en_IN.ftl"): Not found
2025-03-06 17:56:16,048 [DEBUG] freemarker.cache  - TemplateLoader.findTemplateSource("spark/partials/standard-content_en.ftl"): Not found
2025-03-06 17:56:16,049 [DEBUG] freemarker.cache  - TemplateLoader.findTemplateSource("spark/partials/standard-content.ftl"): Found
2025-03-06 17:56:16,049 [DEBUG] freemarker.cache  - Loading template for "spark/partials/standard-content.ftl"("en_IN", UTF-8, parsed) from "jar:file:/C:/Users/ck/.m2/repository/com/aventstack/extentreports/5.1.2/extentreports-5.1.2.jar!/com/aventstack/extentreports/templates/spark/partials/standard-content.ftl"
2025-03-06 17:56:16,059 [DEBUG] freemarker.cache  - Couldn't find template in cache for "spark/partials/exception.ftl"("en_IN", UTF-8, parsed); will try to load it.
2025-03-06 17:56:16,059 [DEBUG] freemarker.cache  - TemplateLoader.findTemplateSource("spark/partials/exception_en_IN.ftl"): Not found
2025-03-06 17:56:16,060 [DEBUG] freemarker.cache  - TemplateLoader.findTemplateSource("spark/partials/exception_en.ftl"): Not found
2025-03-06 17:56:16,060 [DEBUG] freemarker.cache  - TemplateLoader.findTemplateSource("spark/partials/exception.ftl"): Found
2025-03-06 17:56:16,060 [DEBUG] freemarker.cache  - Loading template for "spark/partials/exception.ftl"("en_IN", UTF-8, parsed) from "jar:file:/C:/Users/ck/.m2/repository/com/aventstack/extentreports/5.1.2/extentreports-5.1.2.jar!/com/aventstack/extentreports/templates/spark/partials/exception.ftl"
2025-03-06 17:56:16,062 [DEBUG] freemarker.cache  - Couldn't find template in cache for "spark/partials/category.ftl"("en_IN", UTF-8, parsed); will try to load it.
2025-03-06 17:56:16,062 [DEBUG] freemarker.cache  - TemplateLoader.findTemplateSource("spark/partials/category_en_IN.ftl"): Not found
2025-03-06 17:56:16,063 [DEBUG] freemarker.cache  - TemplateLoader.findTemplateSource("spark/partials/category_en.ftl"): Not found
2025-03-06 17:56:16,063 [DEBUG] freemarker.cache  - TemplateLoader.findTemplateSource("spark/partials/category.ftl"): Found
2025-03-06 17:56:16,063 [DEBUG] freemarker.cache  - Loading template for "spark/partials/category.ftl"("en_IN", UTF-8, parsed) from "jar:file:/C:/Users/ck/.m2/repository/com/aventstack/extentreports/5.1.2/extentreports-5.1.2.jar!/com/aventstack/extentreports/templates/spark/partials/category.ftl"
2025-03-06 17:56:16,065 [DEBUG] freemarker.cache  - Couldn't find template in cache for "spark/partials/device.ftl"("en_IN", UTF-8, parsed); will try to load it.
2025-03-06 17:56:16,065 [DEBUG] freemarker.cache  - TemplateLoader.findTemplateSource("spark/partials/device_en_IN.ftl"): Not found
2025-03-06 17:56:16,066 [DEBUG] freemarker.cache  - TemplateLoader.findTemplateSource("spark/partials/device_en.ftl"): Not found
2025-03-06 17:56:16,066 [DEBUG] freemarker.cache  - TemplateLoader.findTemplateSource("spark/partials/device.ftl"): Found
2025-03-06 17:56:16,066 [DEBUG] freemarker.cache  - Loading template for "spark/partials/device.ftl"("en_IN", UTF-8, parsed) from "jar:file:/C:/Users/ck/.m2/repository/com/aventstack/extentreports/5.1.2/extentreports-5.1.2.jar!/com/aventstack/extentreports/templates/spark/partials/device.ftl"
2025-03-06 17:56:16,067 [DEBUG] freemarker.cache  - Couldn't find template in cache for "spark/partials/author.ftl"("en_IN", UTF-8, parsed); will try to load it.
2025-03-06 17:56:16,068 [DEBUG] freemarker.cache  - TemplateLoader.findTemplateSource("spark/partials/author_en_IN.ftl"): Not found
2025-03-06 17:56:16,068 [DEBUG] freemarker.cache  - TemplateLoader.findTemplateSource("spark/partials/author_en.ftl"): Not found
2025-03-06 17:56:16,069 [DEBUG] freemarker.cache  - TemplateLoader.findTemplateSource("spark/partials/author.ftl"): Found
2025-03-06 17:56:16,069 [DEBUG] freemarker.cache  - Loading template for "spark/partials/author.ftl"("en_IN", UTF-8, parsed) from "jar:file:/C:/Users/ck/.m2/repository/com/aventstack/extentreports/5.1.2/extentreports-5.1.2.jar!/com/aventstack/extentreports/templates/spark/partials/author.ftl"
2025-03-06 17:56:16,072 [DEBUG] freemarker.cache  - Couldn't find template in cache for "spark/partials/log.ftl"("en_IN", UTF-8, parsed); will try to load it.
2025-03-06 17:56:16,072 [DEBUG] freemarker.cache  - TemplateLoader.findTemplateSource("spark/partials/log_en_IN.ftl"): Not found
2025-03-06 17:56:16,073 [DEBUG] freemarker.cache  - TemplateLoader.findTemplateSource("spark/partials/log_en.ftl"): Not found
2025-03-06 17:56:16,073 [DEBUG] freemarker.cache  - TemplateLoader.findTemplateSource("spark/partials/log.ftl"): Found
2025-03-06 17:56:16,073 [DEBUG] freemarker.cache  - Loading template for "spark/partials/log.ftl"("en_IN", UTF-8, parsed) from "jar:file:/C:/Users/ck/.m2/repository/com/aventstack/extentreports/5.1.2/extentreports-5.1.2.jar!/com/aventstack/extentreports/templates/spark/partials/log.ftl"
2025-03-06 17:56:16,075 [DEBUG] freemarker.cache  - Couldn't find template in cache for "spark/partials/dashboard.ftl"("en_IN", UTF-8, parsed); will try to load it.
2025-03-06 17:56:16,075 [DEBUG] freemarker.cache  - TemplateLoader.findTemplateSource("spark/partials/dashboard_en_IN.ftl"): Not found
2025-03-06 17:56:16,076 [DEBUG] freemarker.cache  - TemplateLoader.findTemplateSource("spark/partials/dashboard_en.ftl"): Not found
2025-03-06 17:56:16,076 [DEBUG] freemarker.cache  - TemplateLoader.findTemplateSource("spark/partials/dashboard.ftl"): Found
2025-03-06 17:56:16,076 [DEBUG] freemarker.cache  - Loading template for "spark/partials/dashboard.ftl"("en_IN", UTF-8, parsed) from "jar:file:/C:/Users/ck/.m2/repository/com/aventstack/extentreports/5.1.2/extentreports-5.1.2.jar!/com/aventstack/extentreports/templates/spark/partials/dashboard.ftl"
2025-03-06 17:56:16,112 [DEBUG] freemarker.cache  - Couldn't find template in cache for "spark/partials/scripts.ftl"("en_IN", UTF-8, parsed); will try to load it.
2025-03-06 17:56:16,113 [DEBUG] freemarker.cache  - TemplateLoader.findTemplateSource("spark/partials/scripts_en_IN.ftl"): Not found
2025-03-06 17:56:16,113 [DEBUG] freemarker.cache  - TemplateLoader.findTemplateSource("spark/partials/scripts_en.ftl"): Not found
2025-03-06 17:56:16,114 [DEBUG] freemarker.cache  - TemplateLoader.findTemplateSource("spark/partials/scripts.ftl"): Found
2025-03-06 17:56:16,114 [DEBUG] freemarker.cache  - Loading template for "spark/partials/scripts.ftl"("en_IN", UTF-8, parsed) from "jar:file:/C:/Users/ck/.m2/repository/com/aventstack/extentreports/5.1.2/extentreports-5.1.2.jar!/com/aventstack/extentreports/templates/spark/partials/scripts.ftl"
2025-03-06 17:56:16,115 [DEBUG] freemarker.cache  - Couldn't find template in cache for "commons/commons-inject-js.ftl"("en_IN", UTF-8, parsed); will try to load it.
2025-03-06 17:56:16,116 [DEBUG] freemarker.cache  - TemplateLoader.findTemplateSource("commons/commons-inject-js_en_IN.ftl"): Not found
2025-03-06 17:56:16,116 [DEBUG] freemarker.cache  - TemplateLoader.findTemplateSource("commons/commons-inject-js_en.ftl"): Not found
2025-03-06 17:56:16,116 [DEBUG] freemarker.cache  - TemplateLoader.findTemplateSource("commons/commons-inject-js.ftl"): Found
2025-03-06 17:56:16,116 [DEBUG] freemarker.cache  - Loading template for "commons/commons-inject-js.ftl"("en_IN", UTF-8, parsed) from "jar:file:/C:/Users/ck/.m2/repository/com/aventstack/extentreports/5.1.2/extentreports-5.1.2.jar!/com/aventstack/extentreports/templates/commons/commons-inject-js.ftl"
